http://support.amd.com/en-us/search/tech-docs#k=#s=31

# dmidecode 2.12
SMBIOS 2.4 present.
59 structures occupying 2944 bytes.
Table at 0x000F0100.

Handle 0x0000, DMI type 0, 24 bytes
BIOS Information
	Vendor: Award Software International, Inc.
	Version: F13
	Release Date: 10/26/2012
	Address: 0xE0000
	Runtime Size: 128 kB
	ROM Size: 4096 kB
	Characteristics:
		ISA is supported
		PCI is supported
		PNP is supported
		BIOS is upgradeable
		BIOS shadowing is allowed
		Boot from CD is supported
		Selectable boot is supported
		BIOS ROM is socketed
		EDD is supported
		5.25"/360 kB floppy services are supported (int 13h)
		5.25"/1.2 MB floppy services are supported (int 13h)
		3.5"/720 kB floppy services are supported (int 13h)
		3.5"/2.88 MB floppy services are supported (int 13h)
		Print screen service is supported (int 5h)
		8042 keyboard services are supported (int 9h)
		Serial services are supported (int 14h)
		Printer services are supported (int 17h)
		CGA/mono video services are supported (int 10h)
		ACPI is supported
		USB legacy is supported
		LS-120 boot is supported
		ATAPI Zip drive boot is supported
		BIOS boot specification is supported
		Targeted content distribution is supported

Handle 0x0001, DMI type 1, 27 bytes
System Information
	Manufacturer: Gigabyte Technology Co., Ltd.
	Product Name: GA-990XA-UD3
	Version:  
	Serial Number:  
	UUID: 39303242-3334-3136-3137-4631FFFFFFFF
	Wake-up Type: Power Switch
	SKU Number:  
	Family:  

Handle 0x0002, DMI type 2, 8 bytes
Base Board Information
	Manufacturer: Gigabyte Technology Co., Ltd.
	Product Name: GA-990XA-UD3
	Version: x.x
	Serial Number:  

Handle 0x0003, DMI type 3, 17 bytes
Chassis Information
	Manufacturer: Gigabyte Technology Co., Ltd.
	Type: Desktop
	Lock: Not Present
	Version:  
	Serial Number:  
	Asset Tag:  
	Boot-up State: Unknown
	Power Supply State: Unknown
	Thermal State: Unknown
	Security Status: Unknown
	OEM Information: 0x00000000

Handle 0x0004, DMI type 4, 35 bytes
Processor Information
	Socket Designation: Socket M2
	Type: Central Processor
	Family: Athlon
	Manufacturer: AMD
	ID: 20 0F 60 00 FF FB 8B 17
	Signature: Family 21, Model 2, Stepping 0
	Flags:
		FPU (Floating-point unit on-chip)
		VME (Virtual mode extension)
		DE (Debugging extension)
		PSE (Page size extension)
		TSC (Time stamp counter)
		MSR (Model specific registers)
		PAE (Physical address extension)
		MCE (Machine check exception)
		CX8 (CMPXCHG8 instruction supported)
		APIC (On-chip APIC hardware supported)
		SEP (Fast system call)
		MTRR (Memory type range registers)
		PGE (Page global enable)
		MCA (Machine check architecture)
		CMOV (Conditional move instruction supported)
		PAT (Page attribute table)
		PSE-36 (36-bit page size extension)
		CLFSH (CLFLUSH instruction supported)
		MMX (MMX technology supported)
		FXSR (FXSAVE and FXSTOR instructions supported)
		SSE (Streaming SIMD extensions)
		SSE2 (Streaming SIMD extensions 2)
		HTT (Multi-threading)
	Version: AMD FX(tm)-8320 Eight-Core Processor           
	Voltage: 0.9 V
	External Clock: 205 MHz
	Max Speed: 3200 MHz
	Current Speed: 4408 MHz
	Status: Populated, Enabled
	Upgrade: ZIF Socket
	L1 Cache Handle: 0x000A
	L2 Cache Handle: 0x000C
	L3 Cache Handle: Not Provided
	Serial Number:  
	Asset Tag:  
	Part Number:  

Handle 0x0005, DMI type 5, 24 bytes
Memory Controller Information
	Error Detecting Method: 64-bit ECC
	Error Correcting Capabilities:
		None
	Supported Interleave: One-way Interleave
	Current Interleave: One-way Interleave
	Maximum Memory Module Size: 1024 MB
	Maximum Total Memory Size: 4096 MB
	Supported Speeds:
		70 ns
		60 ns
	Supported Memory Types:
		Standard
		EDO
	Memory Module Voltage: 3.3 V
	Associated Memory Slots: 4
		0x0006
		0x0007
		0x0008
		0x0009
	Enabled Error Correcting Capabilities:
		None

Handle 0x0006, DMI type 6, 12 bytes
Memory Module Information
	Socket Designation: A0
	Bank Connections: 1
	Current Speed: 74 ns
	Type: Other Unknown EDO
	Installed Size: Not Installed
	Enabled Size: Not Installed
	Error Status: OK

Handle 0x0007, DMI type 6, 12 bytes
Memory Module Information
	Socket Designation: A1
	Bank Connections: 2
	Current Speed: 74 ns
	Type: Other Unknown EDO
	Installed Size: Not Installed
	Enabled Size: Not Installed
	Error Status: OK

Handle 0x0008, DMI type 6, 12 bytes
Memory Module Information
	Socket Designation: A2
	Bank Connections: 3
	Current Speed: 74 ns
	Type: Other Unknown EDO
	Installed Size: 4096 MB (Double-bank Connection)
	Enabled Size: 4096 MB (Double-bank Connection)
	Error Status: OK

Handle 0x0009, DMI type 6, 12 bytes
Memory Module Information
	Socket Designation: A3
	Bank Connections: 4
	Current Speed: 74 ns
	Type: Other Unknown EDO
	Installed Size: 4096 MB (Double-bank Connection)
	Enabled Size: 4096 MB (Double-bank Connection)
	Error Status: OK

Handle 0x000A, DMI type 7, 19 bytes
Cache Information
	Socket Designation: Internal Cache
	Configuration: Enabled, Not Socketed, Level 1
	Operational Mode: Write Back
	Location: Internal
	Installed Size: 128 kB
	Maximum Size: 128 kB
	Supported SRAM Types:
		Synchronous
	Installed SRAM Type: Synchronous
	Speed: Unknown
	Error Correction Type: Unknown
	System Type: Unknown
	Associativity: Unknown

Handle 0x000B, DMI type 7, 19 bytes
Cache Information
	Socket Designation: Internal Cache
	Configuration: Enabled, Not Socketed, Level 1
	Operational Mode: Write Back
	Location: Internal
	Installed Size: 128 kB
	Maximum Size: 128 kB
	Supported SRAM Types:
		Synchronous
	Installed SRAM Type: Synchronous
	Speed: Unknown
	Error Correction Type: Unknown
	System Type: Unknown
	Associativity: Unknown

Handle 0x000C, DMI type 7, 19 bytes
Cache Information
	Socket Designation: External Cache
	Configuration: Enabled, Not Socketed, Level 3
	Operational Mode: Write Back
	Location: Internal
	Installed Size: 2048 kB
	Maximum Size: 2048 kB
	Supported SRAM Types:
		Synchronous
	Installed SRAM Type: Synchronous
	Speed: Unknown
	Error Correction Type: Unknown
	System Type: Unknown
	Associativity: Unknown

Handle 0x000D, DMI type 7, 19 bytes
Cache Information
	Socket Designation: External Cache
	Configuration: Disabled, Not Socketed, Level 2
	Operational Mode: Write Through
	Location: Internal
	Installed Size: 0 kB
	Maximum Size: 1024 kB
	Supported SRAM Types:
		Synchronous
	Installed SRAM Type: Synchronous
	Speed: Unknown
	Error Correction Type: Unknown
	System Type: Unknown
	Associativity: Unknown

Handle 0x000E, DMI type 8, 9 bytes
Port Connector Information
	Internal Reference Designator: PRIMARY IDE
	Internal Connector Type: On Board IDE
	External Reference Designator:  
	External Connector Type: None
	Port Type: Other

Handle 0x000F, DMI type 8, 9 bytes
Port Connector Information
	Internal Reference Designator: FDD
	Internal Connector Type: On Board Floppy
	External Reference Designator:  
	External Connector Type: None
	Port Type: 8251 FIFO Compatible

Handle 0x0010, DMI type 8, 9 bytes
Port Connector Information
	Internal Reference Designator: COM1
	Internal Connector Type: 9 Pin Dual Inline (pin 10 cut)
	External Reference Designator:  
	External Connector Type: DB-9 male
	Port Type: Serial Port 16450 Compatible

Handle 0x0011, DMI type 8, 9 bytes
Port Connector Information
	Internal Reference Designator: Keyboard
	Internal Connector Type: Other
	External Reference Designator:  
	External Connector Type: PS/2
	Port Type: Keyboard Port

Handle 0x0012, DMI type 8, 9 bytes
Port Connector Information
	Internal Reference Designator: PS/2 Mouse
	Internal Connector Type: PS/2
	External Reference Designator: No Detected
	External Connector Type: PS/2
	Port Type: Mouse Port

Handle 0x0013, DMI type 8, 9 bytes
Port Connector Information
	Internal Reference Designator: USB
	Internal Connector Type: None
	External Reference Designator:  
	External Connector Type: Access Bus (USB)
	Port Type: USB

Handle 0x0014, DMI type 8, 9 bytes
Port Connector Information
	Internal Reference Designator: USB
	Internal Connector Type: None
	External Reference Designator:  
	External Connector Type: Access Bus (USB)
	Port Type: USB

Handle 0x0015, DMI type 8, 9 bytes
Port Connector Information
	Internal Reference Designator: USB
	Internal Connector Type: None
	External Reference Designator:  
	External Connector Type: Access Bus (USB)
	Port Type: USB

Handle 0x0016, DMI type 8, 9 bytes
Port Connector Information
	Internal Reference Designator: USB
	Internal Connector Type: None
	External Reference Designator:  
	External Connector Type: Access Bus (USB)
	Port Type: USB

Handle 0x0017, DMI type 8, 9 bytes
Port Connector Information
	Internal Reference Designator: USB
	Internal Connector Type: None
	External Reference Designator:  
	External Connector Type: Access Bus (USB)
	Port Type: USB

Handle 0x0018, DMI type 8, 9 bytes
Port Connector Information
	Internal Reference Designator: USB
	Internal Connector Type: None
	External Reference Designator:  
	External Connector Type: Access Bus (USB)
	Port Type: USB

Handle 0x0019, DMI type 8, 9 bytes
Port Connector Information
	Internal Reference Designator: USB
	Internal Connector Type: None
	External Reference Designator:  
	External Connector Type: Access Bus (USB)
	Port Type: USB

Handle 0x001A, DMI type 8, 9 bytes
Port Connector Information
	Internal Reference Designator: USB
	Internal Connector Type: None
	External Reference Designator:  
	External Connector Type: Access Bus (USB)
	Port Type: USB

Handle 0x001B, DMI type 8, 9 bytes
Port Connector Information
	Internal Reference Designator: USB
	Internal Connector Type: None
	External Reference Designator:  
	External Connector Type: Access Bus (USB)
	Port Type: USB

Handle 0x001C, DMI type 8, 9 bytes
Port Connector Information
	Internal Reference Designator: USB
	Internal Connector Type: None
	External Reference Designator:  
	External Connector Type: Access Bus (USB)
	Port Type: USB

Handle 0x001D, DMI type 8, 9 bytes
Port Connector Information
	Internal Reference Designator: USB
	Internal Connector Type: None
	External Reference Designator:  
	External Connector Type: Access Bus (USB)
	Port Type: USB

Handle 0x001E, DMI type 8, 9 bytes
Port Connector Information
	Internal Reference Designator: USB
	Internal Connector Type: None
	External Reference Designator:  
	External Connector Type: Access Bus (USB)
	Port Type: USB

Handle 0x001F, DMI type 8, 9 bytes
Port Connector Information
	Internal Reference Designator: USB
	Internal Connector Type: None
	External Reference Designator:  
	External Connector Type: Access Bus (USB)
	Port Type: USB

Handle 0x0020, DMI type 8, 9 bytes
Port Connector Information
	Internal Reference Designator: USB
	Internal Connector Type: None
	External Reference Designator:  
	External Connector Type: Access Bus (USB)
	Port Type: USB

Handle 0x0021, DMI type 9, 13 bytes
System Slot Information
	Designation: PCI
	Type: 32-bit PCI
	Current Usage: Available
	Length: Long
	ID: 7
	Characteristics:
		5.0 V is provided
		3.3 V is provided
		PME signal is supported
		SMBus signal is supported

Handle 0x0022, DMI type 9, 13 bytes
System Slot Information
	Designation: PCI
	Type: 32-bit PCI
	Current Usage: In Use
	Length: Long
	ID: 6
	Characteristics:
		5.0 V is provided
		3.3 V is provided
		PME signal is supported
		SMBus signal is supported

Handle 0x0023, DMI type 9, 13 bytes
System Slot Information
	Designation: PCI Express x16
	Type: x16 PCI Express
	Current Usage: Unknown
	Length: Other
	ID: 0
	Characteristics:
		3.3 V is provided

Handle 0x0024, DMI type 9, 13 bytes
System Slot Information
	Designation: PCI Express x8
	Type: x8 PCI Express
	Current Usage: Unknown
	Length: Other
	ID: 0
	Characteristics:
		3.3 V is provided

Handle 0x0025, DMI type 9, 13 bytes
System Slot Information
	Designation: PCI Express x4
	Type: x4 PCI Express
	Current Usage: Unknown
	Length: Other
	ID: 0
	Characteristics:
		3.3 V is provided

Handle 0x0026, DMI type 9, 13 bytes
System Slot Information
	Designation: PCI Express x1
	Type: x1 PCI Express
	Current Usage: Unknown
	Length: Other
	ID: 0
	Characteristics:
		3.3 V is provided

Handle 0x0027, DMI type 9, 13 bytes
System Slot Information
	Designation: PCI Express x1
	Type: x1 PCI Express
	Current Usage: Unknown
	Length: Other
	ID: 0
	Characteristics:
		3.3 V is provided

Handle 0x0028, DMI type 13, 22 bytes
BIOS Language Information
	Language Description Format: Long
	Installable Languages: 3
		n|US|iso8859-1
		n|US|iso8859-1
		r|CA|iso8859-1
	Currently Installed Language: n|US|iso8859-1

Handle 0x0029, DMI type 16, 15 bytes
Physical Memory Array
	Location: System Board Or Motherboard
	Use: System Memory
	Error Correction Type: None
	Maximum Capacity: 16 GB
	Error Information Handle: Not Provided
	Number Of Devices: 4

Handle 0x002A, DMI type 17, 27 bytes
Memory Device
	Array Handle: 0x0029
	Error Information Handle: Not Provided
	Total Width: 64 bits
	Data Width: 64 bits
	Size: No Module Installed
	Form Factor: DIMM
	Set: None
	Locator: A0
	Bank Locator: Bank0/1
	Type: Unknown
	Type Detail: None
	Speed: 1866 MHz
	Manufacturer:  
	Serial Number:  
	Asset Tag:  
	Part Number:  

Handle 0x002B, DMI type 17, 27 bytes
Memory Device
	Array Handle: 0x0029
	Error Information Handle: Not Provided
	Total Width: 64 bits
	Data Width: 64 bits
	Size: No Module Installed
	Form Factor: DIMM
	Set: None
	Locator: A1
	Bank Locator: Bank2/3
	Type: Unknown
	Type Detail: None
	Speed: 1866 MHz
	Manufacturer:  
	Serial Number:  
	Asset Tag:  
	Part Number:  

Handle 0x002C, DMI type 17, 27 bytes
Memory Device
	Array Handle: 0x0029
	Error Information Handle: Not Provided
	Total Width: 64 bits
	Data Width: 64 bits
	Size: 4096 MB
	Form Factor: DIMM
	Set: None
	Locator: A2
	Bank Locator: Bank4/5
	Type: Unknown
	Type Detail: None
	Speed: 1866 MHz
	Manufacturer:  
	Serial Number:  
	Asset Tag:  
	Part Number:  

Handle 0x002D, DMI type 17, 27 bytes
Memory Device
	Array Handle: 0x0029
	Error Information Handle: Not Provided
	Total Width: 64 bits
	Data Width: 64 bits
	Size: 4096 MB
	Form Factor: DIMM
	Set: None
	Locator: A3
	Bank Locator: Bank6/7
	Type: Unknown
	Type Detail: None
	Speed: 1866 MHz
	Manufacturer:  
	Serial Number:  
	Asset Tag:  
	Part Number:  

Handle 0x002E, DMI type 19, 15 bytes
Memory Array Mapped Address
	Starting Address: 0x00000000000
	Ending Address: 0x001FFFFFFFF
	Range Size: 8 GB
	Physical Array Handle: 0x0029
	Partition Width: 1

Handle 0x002F, DMI type 20, 19 bytes
Memory Device Mapped Address
	Starting Address: 0x00000000000
	Ending Address: 0x000000003FF
	Range Size: 1 kB
	Physical Device Handle: 0x002A
	Memory Array Mapped Address Handle: 0x002E
	Partition Row Position: 1

Handle 0x0030, DMI type 20, 19 bytes
Memory Device Mapped Address
	Starting Address: 0x00000000000
	Ending Address: 0x000000003FF
	Range Size: 1 kB
	Physical Device Handle: 0x002B
	Memory Array Mapped Address Handle: 0x002E
	Partition Row Position: 1

Handle 0x0031, DMI type 20, 19 bytes
Memory Device Mapped Address
	Starting Address: 0x00000000000
	Ending Address: 0x000FFFFFFFF
	Range Size: 4 GB
	Physical Device Handle: 0x002C
	Memory Array Mapped Address Handle: 0x002E
	Partition Row Position: 1

Handle 0x0032, DMI type 20, 19 bytes
Memory Device Mapped Address
	Starting Address: 0x00100000000
	Ending Address: 0x001FFFFFFFF
	Range Size: 4 GB
	Physical Device Handle: 0x002D
	Memory Array Mapped Address Handle: 0x002E
	Partition Row Position: 1

Handle 0x0033, DMI type 32, 11 bytes
System Boot Information
	Status: No errors detected

Handle 0x0034, DMI type 188, 212 bytes
OEM-specific Type
	Header and Data:
		BC D4 34 00 00 00 00 D0 00 00 00 00 00 00 00 30
		02 00 00 00 00 06 76 00 00 00 00 00 08 00 00 00
		00 40 58 00 00 00 01 00 03 00 00 00 00 00 2F 02
		00 00 00 00 01 00 00 00 00 00 00 00 02 00 00 00
		00 00 00 00 03 00 00 00 00 00 00 00 04 00 00 00
		00 00 00 00 05 00 00 00 00 00 00 00 06 00 00 00
		00 00 00 00 07 00 00 00 03 30 00 D0 00 00 00 00
		00 00 00 00 01 00 00 00 09 01 00 00 00 00 00 00
		00 00 00 00 00 00 00 00 00 00 00 00 00 00 00 00
		E0 3E F8 00 00 00 00 00 00 00 00 00 06 02 88 0D
		38 00 31 18 70 00 00 00 E4 00 34 00 67 EB 5D D7
		77 BA 82 01 00 00 01 00 00 02 00 00 40 00 00 00
		5C 00 B0 4A 0E 09 48 5F 00 00 00 00 00 00 00 00
		00 00 00 00

Handle 0x0035, DMI type 190, 212 bytes
OEM-specific Type
	Header and Data:
		BE D4 35 00 C4 05 00 00 00 00 00 00 24 A4 40 04
		FB 0F E0 2C 00 00 00 00 00 00 00 00 01 00 00 00
		09 01 00 00 00 00 00 00 00 00 00 00 00 00 00 00
		00 00 00 00 00 00 00 00 E0 3E F8 00 00 00 00 00
		00 00 00 00 00 00 00 00 00 00 00 00 06 02 C8 0D
		38 00 31 18 00 00 00 00 45 00 00 00 00 00 00 00
		00 00 00 00 00 00 00 00 45 00 00 00 00 00 00 00
		24 A4 40 04 FB 0F E0 2C 01 01 00 00 00 02 00 00
		00 00 00 00 40 00 00 00 70 00 00 00 E4 00 34 00
		67 EB 5D D7 77 7A 82 01 00 00 01 00 0E 09 48 5F
		00 00 00 00 00 00 00 00 00 00 00 00 00 00 00 00
		00 00 00 00 00 00 00 00 00 00 00 00 00 00 00 00
		00 00 00 00 00 00 00 00 00 00 00 00 00 00 00 00
		00 00 00 00

Handle 0x0036, DMI type 192, 244 bytes
OEM-specific Type
	Header and Data:
		C0 F4 36 00 06 40 00 00 22 32 11 20 E7 88 71 0E
		F3 05 0A 00 00 00 34 00 22 32 11 20 00 00 00 00
		1F 31 35 3C 00 00 00 00 46 4C 54 54 01 41 00 00
		34 00 2E 2E 2E 2E 12 0E 0E 0E 2E 2E 2E 2E 0C 0E
		12 0C 00 0C 3B 70 B2 07 F3 05 0A 00 00 20 00 20
		00 00 00 00 00 00 00 00 00 00 B4 00 B8 00 BE 00
		C2 00 C8 00 00 00 00 00 00 00 00 00 00 00 14 00
		18 00 1E 00 02 00 00 00 00 00 00 00 00 00 00 00
		CF 00 DB 00 E3 00 F1 00 00 00 00 00 00 00 00 00
		0F 00 1B 00 03 00 11 00 00 00 00 00 00 00 00 00
		00 00 00 00 00 00 00 00 00 00 00 00 00 00 00 00
		00 00 00 00 00 00 00 00 00 00 00 00 00 00 00 00
		00 00 00 00 00 00 00 00 00 00 00 00 00 00 00 00
		00 00 00 00 00 00 00 00 00 00 00 00 00 00 00 00
		00 00 00 00 00 00 00 00 00 00 00 00 00 00 00 00
		00 00 00 00

Handle 0x0037, DMI type 194, 244 bytes
OEM-specific Type
	Header and Data:
		C2 F4 37 00 06 40 00 00 22 32 11 20 E7 88 71 0E
		F3 05 0A 00 00 00 34 00 22 32 11 20 00 00 00 00
		1B 2E 36 3E 00 00 00 00 48 50 52 51 01 43 00 00
		34 00 2E 2E 2E 2E 10 12 10 0E 2E 2E 2E 2E 0E 10
		10 0E 00 0E 43 D3 FF 3D F3 05 0A 00 00 20 00 20
		00 00 00 00 00 00 00 00 00 00 C4 00 C6 00 CD 00
		D0 00 D6 00 00 00 00 00 00 00 00 00 00 00 04 00
		06 00 0D 00 10 00 00 00 00 00 00 00 00 00 00 00
		DD 00 E6 00 F4 00 FE 00 00 00 00 00 00 00 00 00
		1D 00 06 00 14 00 1E 00 00 00 00 00 00 00 00 00
		00 00 00 00 00 00 00 00 00 00 00 00 00 00 00 00
		00 00 00 00 00 00 00 00 00 00 00 00 00 00 00 00
		00 00 00 00 00 00 00 00 00 00 00 00 00 00 00 00
		00 00 00 00 00 00 00 00 00 00 00 00 00 00 00 00
		00 00 00 00 00 00 00 00 00 00 00 00 00 00 00 00
		00 00 00 00

Handle 0x0038, DMI type 196, 244 bytes
OEM-specific Type
	Header and Data:
		C4 F4 38 00 06 40 00 00 00 00 00 00 00 00 00 00
		00 00 00 00 11 00 20 00 27 00 2E 00 6B 00 00 00
		00 00 00 00 00 00 00 00 00 00 11 00 00 00 00 00
		00 00 00 00 00 00 38 00 3F 00 45 00 44 00 00 00
		00 00 00 00 00 00 18 00 1F 00 05 00 04 00 11 20
		27 2E 38 3F 45 44 2B 00 00 00 EF 01 00 00 00 00
		00 00 00 00 00 00 00 00 00 00 00 00 00 00 00 00
		00 00 00 00 00 00 00 00 00 00 00 00 00 00 00 00
		00 00 00 00 00 00 00 00 00 00 00 00 00 00 00 00
		00 00 00 00 00 00 00 00 00 00 00 00 00 00 00 00
		00 00 00 00 00 00 00 00 00 00 00 00 00 00 00 00
		00 00 00 00 00 00 00 00 00 00 00 00 00 00 00 00
		00 00 00 00 00 00 00 00 00 00 00 00 00 00 00 00
		00 00 00 00 00 00 00 00 00 00 00 00 00 00 00 00
		00 00 00 00 00 00 00 00 00 00 00 00 00 00 00 00
		00 00 00 00

Handle 0x0039, DMI type 198, 244 bytes
OEM-specific Type
	Header and Data:
		C6 F4 39 00 06 40 00 00 00 00 00 00 00 00 00 00
		00 00 00 00 0D 00 20 00 29 00 2E 00 0B 00 00 00
		00 00 00 00 00 00 00 00 00 00 0D 00 00 00 00 00
		00 00 00 00 00 00 3A 00 42 00 44 00 42 00 00 00
		00 00 00 00 00 00 1A 00 02 00 04 00 02 00 0D 20
		29 2E 3A 42 44 42 0B 00 00 00 F7 01 00 00 00 00
		00 00 00 00 00 00 00 00 00 00 00 00 00 00 00 00
		00 00 00 00 00 00 00 00 00 00 00 00 00 00 00 00
		00 00 00 00 00 00 00 00 00 00 00 00 00 00 00 00
		00 00 00 00 00 00 00 00 00 00 00 00 00 00 00 00
		00 00 00 00 00 00 00 00 00 00 00 00 00 00 00 00
		00 00 00 00 00 00 00 00 00 00 00 00 00 00 00 00
		00 00 00 00 00 00 00 00 00 00 00 00 00 00 00 00
		00 00 00 00 00 00 00 00 00 00 00 00 00 00 00 00
		00 00 00 00 00 00 00 00 00 00 00 00 00 00 00 00
		00 00 00 00

Handle 0x003A, DMI type 127, 4 bytes
End Of Table

# dmidecode 2.12
SMBIOS 2.4 present.
59 structures occupying 2944 bytes.
Table at 0x000F0100.

Handle 0x0000, DMI type 0, 24 bytes
	Header and Data:
		00 18 00 00 01 02 00 E0 03 3F 90 9A CB 7F 00 00
		00 00 33 05 FF FF FF FF
	Strings:
		41 77 61 72 64 20 53 6F 66 74 77 61 72 65 20 49
		6E 74 65 72 6E 61 74 69 6F 6E 61 6C 2C 20 49 6E
		63 2E 00
		"Award Software International, Inc."
		46 31 33 00
		"F13"
		31 30 2F 32 36 2F 32 30 31 32 00
		"10/26/2012"

Handle 0x0001, DMI type 1, 27 bytes
	Header and Data:
		01 1B 01 00 01 02 03 04 39 30 32 42 33 34 31 36
		31 37 46 31 FF FF FF FF 06 05 06
	Strings:
		47 69 67 61 62 79 74 65 20 54 65 63 68 6E 6F 6C
		6F 67 79 20 43 6F 2E 2C 20 4C 74 64 2E 00
		"Gigabyte Technology Co., Ltd."
		47 41 2D 39 39 30 58 41 2D 55 44 33 00
		"GA-990XA-UD3"
		20 00
		" "
		20 00
		" "
		20 00
		" "
		20 00
		" "

Handle 0x0002, DMI type 2, 8 bytes
	Header and Data:
		02 08 02 00 01 02 03 04
	Strings:
		47 69 67 61 62 79 74 65 20 54 65 63 68 6E 6F 6C
		6F 67 79 20 43 6F 2E 2C 20 4C 74 64 2E 00
		"Gigabyte Technology Co., Ltd."
		47 41 2D 39 39 30 58 41 2D 55 44 33 00
		"GA-990XA-UD3"
		78 2E 78 00
		"x.x"
		20 00
		" "

Handle 0x0003, DMI type 3, 17 bytes
	Header and Data:
		03 11 03 00 01 03 02 03 04 02 02 02 02 00 00 00
		00
	Strings:
		47 69 67 61 62 79 74 65 20 54 65 63 68 6E 6F 6C
		6F 67 79 20 43 6F 2E 2C 20 4C 74 64 2E 00
		"Gigabyte Technology Co., Ltd."
		20 00
		" "
		20 00
		" "
		20 00
		" "

Handle 0x0004, DMI type 4, 35 bytes
	Header and Data:
		04 23 04 00 01 03 1D 02 20 0F 60 00 FF FB 8B 17
		03 89 CD 00 80 0C 38 11 41 04 0A 00 0C 00 FF FF
		04 05 06
	Strings:
		53 6F 63 6B 65 74 20 4D 32 00
		"Socket M2"
		41 4D 44 00
		"AMD"
		41 4D 44 20 46 58 28 74 6D 29 2D 38 33 32 30 20
		45 69 67 68 74 2D 43 6F 72 65 20 50 72 6F 63 65
		73 73 6F 72 20 20 20 20 20 20 20 20 20 20 20 00
		"AMD FX(tm)-8320 Eight-Core Processor           "
		20 00
		" "
		20 00
		" "
		20 00
		" "

Handle 0x0005, DMI type 5, 24 bytes
	Header and Data:
		05 18 05 00 06 04 03 03 0A 0C 00 14 00 02 04 06
		00 07 00 08 00 09 00 04
	Strings:
		20 00
		" "

Handle 0x0006, DMI type 6, 12 bytes
	Header and Data:
		06 0C 06 00 01 1F 4A 13 00 7F 7F 00
	Strings:
		41 30 00
		"A0"

Handle 0x0007, DMI type 6, 12 bytes
	Header and Data:
		06 0C 07 00 01 2F 4A 13 00 7F 7F 00
	Strings:
		41 31 00
		"A1"

Handle 0x0008, DMI type 6, 12 bytes
	Header and Data:
		06 0C 08 00 01 3F 4A 13 00 8C 8C 00
	Strings:
		41 32 00
		"A2"

Handle 0x0009, DMI type 6, 12 bytes
	Header and Data:
		06 0C 09 00 01 4F 4A 13 00 8C 8C 00
	Strings:
		41 33 00
		"A3"

Handle 0x000A, DMI type 7, 19 bytes
	Header and Data:
		07 13 0A 00 01 80 01 80 00 80 00 20 00 20 00 00
		02 02 02
	Strings:
		49 6E 74 65 72 6E 61 6C 20 43 61 63 68 65 00
		"Internal Cache"

Handle 0x000B, DMI type 7, 19 bytes
	Header and Data:
		07 13 0B 00 01 80 01 80 00 80 00 20 00 20 00 00
		02 02 02
	Strings:
		49 6E 74 65 72 6E 61 6C 20 43 61 63 68 65 00
		"Internal Cache"

Handle 0x000C, DMI type 7, 19 bytes
	Header and Data:
		07 13 0C 00 01 82 01 00 08 00 08 20 00 20 00 00
		02 02 02
	Strings:
		45 78 74 65 72 6E 61 6C 20 43 61 63 68 65 00
		"External Cache"

Handle 0x000D, DMI type 7, 19 bytes
	Header and Data:
		07 13 0D 00 01 01 00 00 04 00 00 20 00 20 00 00
		02 02 02
	Strings:
		45 78 74 65 72 6E 61 6C 20 43 61 63 68 65 00
		"External Cache"

Handle 0x000E, DMI type 8, 9 bytes
	Header and Data:
		08 09 0E 00 01 16 02 00 FF
	Strings:
		50 52 49 4D 41 52 59 20 49 44 45 00
		"PRIMARY IDE"
		20 00
		" "

Handle 0x000F, DMI type 8, 9 bytes
	Header and Data:
		08 09 0F 00 01 17 02 00 A1
	Strings:
		46 44 44 00
		"FDD"
		20 00
		" "

Handle 0x0010, DMI type 8, 9 bytes
	Header and Data:
		08 09 10 00 01 18 02 08 07
	Strings:
		43 4F 4D 31 00
		"COM1"
		20 00
		" "

Handle 0x0011, DMI type 8, 9 bytes
	Header and Data:
		08 09 11 00 01 FF 02 0F 0D
	Strings:
		4B 65 79 62 6F 61 72 64 00
		"Keyboard"
		20 00
		" "

Handle 0x0012, DMI type 8, 9 bytes
	Header and Data:
		08 09 12 00 01 0F 02 0F 0E
	Strings:
		50 53 2F 32 20 4D 6F 75 73 65 00
		"PS/2 Mouse"
		4E 6F 20 44 65 74 65 63 74 65 64 00
		"No Detected"

Handle 0x0013, DMI type 8, 9 bytes
	Header and Data:
		08 09 13 00 01 00 02 12 10
	Strings:
		55 53 42 00
		"USB"
		20 00
		" "

Handle 0x0014, DMI type 8, 9 bytes
	Header and Data:
		08 09 14 00 01 00 02 12 10
	Strings:
		55 53 42 00
		"USB"
		20 00
		" "

Handle 0x0015, DMI type 8, 9 bytes
	Header and Data:
		08 09 15 00 01 00 02 12 10
	Strings:
		55 53 42 00
		"USB"
		20 00
		" "

Handle 0x0016, DMI type 8, 9 bytes
	Header and Data:
		08 09 16 00 01 00 02 12 10
	Strings:
		55 53 42 00
		"USB"
		20 00
		" "

Handle 0x0017, DMI type 8, 9 bytes
	Header and Data:
		08 09 17 00 01 00 02 12 10
	Strings:
		55 53 42 00
		"USB"
		20 00
		" "

Handle 0x0018, DMI type 8, 9 bytes
	Header and Data:
		08 09 18 00 01 00 02 12 10
	Strings:
		55 53 42 00
		"USB"
		20 00
		" "

Handle 0x0019, DMI type 8, 9 bytes
	Header and Data:
		08 09 19 00 01 00 02 12 10
	Strings:
		55 53 42 00
		"USB"
		20 00
		" "

Handle 0x001A, DMI type 8, 9 bytes
	Header and Data:
		08 09 1A 00 01 00 02 12 10
	Strings:
		55 53 42 00
		"USB"
		20 00
		" "

Handle 0x001B, DMI type 8, 9 bytes
	Header and Data:
		08 09 1B 00 01 00 02 12 10
	Strings:
		55 53 42 00
		"USB"
		20 00
		" "

Handle 0x001C, DMI type 8, 9 bytes
	Header and Data:
		08 09 1C 00 01 00 02 12 10
	Strings:
		55 53 42 00
		"USB"
		20 00
		" "

Handle 0x001D, DMI type 8, 9 bytes
	Header and Data:
		08 09 1D 00 01 00 02 12 10
	Strings:
		55 53 42 00
		"USB"
		20 00
		" "

Handle 0x001E, DMI type 8, 9 bytes
	Header and Data:
		08 09 1E 00 01 00 02 12 10
	Strings:
		55 53 42 00
		"USB"
		20 00
		" "

Handle 0x001F, DMI type 8, 9 bytes
	Header and Data:
		08 09 1F 00 01 00 02 12 10
	Strings:
		55 53 42 00
		"USB"
		20 00
		" "

Handle 0x0020, DMI type 8, 9 bytes
	Header and Data:
		08 09 20 00 01 00 02 12 10
	Strings:
		55 53 42 00
		"USB"
		20 00
		" "

Handle 0x0021, DMI type 9, 13 bytes
	Header and Data:
		09 0D 21 00 01 06 05 03 04 07 00 06 05
	Strings:
		50 43 49 00
		"PCI"

Handle 0x0022, DMI type 9, 13 bytes
	Header and Data:
		09 0D 22 00 01 06 05 04 04 06 00 06 05
	Strings:
		50 43 49 00
		"PCI"

Handle 0x0023, DMI type 9, 13 bytes
	Header and Data:
		09 0D 23 00 01 A5 0D 02 01 00 00 04 00
	Strings:
		50 43 49 20 45 78 70 72 65 73 73 20 78 31 36 00
		"PCI Express x16"

Handle 0x0024, DMI type 9, 13 bytes
	Header and Data:
		09 0D 24 00 01 A5 0B 02 01 00 00 04 00
	Strings:
		50 43 49 20 45 78 70 72 65 73 73 20 78 38 00
		"PCI Express x8"

Handle 0x0025, DMI type 9, 13 bytes
	Header and Data:
		09 0D 25 00 01 A5 0A 02 01 00 00 04 00
	Strings:
		50 43 49 20 45 78 70 72 65 73 73 20 78 34 00
		"PCI Express x4"

Handle 0x0026, DMI type 9, 13 bytes
	Header and Data:
		09 0D 26 00 01 A5 08 02 01 00 00 04 00
	Strings:
		50 43 49 20 45 78 70 72 65 73 73 20 78 31 00
		"PCI Express x1"

Handle 0x0027, DMI type 9, 13 bytes
	Header and Data:
		09 0D 27 00 01 A5 08 02 01 00 00 04 00
	Strings:
		50 43 49 20 45 78 70 72 65 73 73 20 78 31 00
		"PCI Express x1"

Handle 0x0028, DMI type 13, 22 bytes
	Header and Data:
		0D 16 28 00 03 00 00 00 00 00 00 00 00 00 00 00
		00 00 00 00 00 01
	Strings:
		6E 7C 55 53 7C 69 73 6F 38 38 35 39 2D 31 00
		"n|US|iso8859-1"
		6E 7C 55 53 7C 69 73 6F 38 38 35 39 2D 31 00
		"n|US|iso8859-1"
		72 7C 43 41 7C 69 73 6F 38 38 35 39 2D 31 00
		"r|CA|iso8859-1"
		61 7C 4A 50 7C 75 6E 69 63 6F 64 65 00
		"a|JP|unicode"

Handle 0x0029, DMI type 16, 15 bytes
	Header and Data:
		10 0F 29 00 03 03 03 00 00 00 01 FE FF 04 00
	Strings:
		20 00
		" "

Handle 0x002A, DMI type 17, 27 bytes
	Header and Data:
		11 1B 2A 00 29 00 FE FF 40 00 40 00 00 00 09 00
		01 02 02 00 00 4A 07 03 04 05 06
	Strings:
		41 30 00
		"A0"
		42 61 6E 6B 30 2F 31 00
		"Bank0/1"
		20 00
		" "
		20 00
		" "
		20 00
		" "
		20 00
		" "

Handle 0x002B, DMI type 17, 27 bytes
	Header and Data:
		11 1B 2B 00 29 00 FE FF 40 00 40 00 00 00 09 00
		01 02 02 00 00 4A 07 03 04 05 06
	Strings:
		41 31 00
		"A1"
		42 61 6E 6B 32 2F 33 00
		"Bank2/3"
		20 00
		" "
		20 00
		" "
		20 00
		" "
		20 00
		" "

Handle 0x002C, DMI type 17, 27 bytes
	Header and Data:
		11 1B 2C 00 29 00 FE FF 40 00 40 00 00 10 09 00
		01 02 02 00 00 4A 07 03 04 05 06
	Strings:
		41 32 00
		"A2"
		42 61 6E 6B 34 2F 35 00
		"Bank4/5"
		20 00
		" "
		20 00
		" "
		20 00
		" "
		20 00
		" "

Handle 0x002D, DMI type 17, 27 bytes
	Header and Data:
		11 1B 2D 00 29 00 FE FF 40 00 40 00 00 10 09 00
		01 02 02 00 00 4A 07 03 04 05 06
	Strings:
		41 33 00
		"A3"
		42 61 6E 6B 36 2F 37 00
		"Bank6/7"
		20 00
		" "
		20 00
		" "
		20 00
		" "
		20 00
		" "

Handle 0x002E, DMI type 19, 15 bytes
	Header and Data:
		13 0F 2E 00 00 00 00 00 FF FF 7F 00 29 00 01
	Strings:
		20 00
		" "

Handle 0x002F, DMI type 20, 19 bytes
	Header and Data:
		14 13 2F 00 00 00 00 00 00 00 00 00 2A 00 2E 00
		01 00 00
	Strings:
		20 00
		" "

Handle 0x0030, DMI type 20, 19 bytes
	Header and Data:
		14 13 30 00 00 00 00 00 00 00 00 00 2B 00 2E 00
		01 00 00
	Strings:
		20 00
		" "

Handle 0x0031, DMI type 20, 19 bytes
	Header and Data:
		14 13 31 00 00 00 00 00 FF FF 3F 00 2C 00 2E 00
		01 00 00
	Strings:
		20 00
		" "

Handle 0x0032, DMI type 20, 19 bytes
	Header and Data:
		14 13 32 00 00 00 40 00 FF FF 7F 00 2D 00 2E 00
		01 00 00
	Strings:
		20 00
		" "

Handle 0x0033, DMI type 32, 11 bytes
	Header and Data:
		20 0B 33 00 00 00 00 00 00 00 00
	Strings:
		20 00
		" "

Handle 0x0034, DMI type 188, 212 bytes
	Header and Data:
		BC D4 34 00 00 00 00 D0 00 00 00 00 00 00 00 30
		02 00 00 00 00 06 76 00 00 00 00 00 08 00 00 00
		00 40 58 00 00 00 01 00 03 00 00 00 00 00 2F 02
		00 00 00 00 01 00 00 00 00 00 00 00 02 00 00 00
		00 00 00 00 03 00 00 00 00 00 00 00 04 00 00 00
		00 00 00 00 05 00 00 00 00 00 00 00 06 00 00 00
		00 00 00 00 07 00 00 00 03 30 00 D0 00 00 00 00
		00 00 00 00 01 00 00 00 09 01 00 00 00 00 00 00
		00 00 00 00 00 00 00 00 00 00 00 00 00 00 00 00
		E0 3E F8 00 00 00 00 00 00 00 00 00 06 02 88 0D
		38 00 31 18 70 00 00 00 E4 00 34 00 67 EB 5D D7
		77 BA 82 01 00 00 01 00 00 02 00 00 40 00 00 00
		5C 00 B0 4A 0E 09 48 5F 00 00 00 00 00 00 00 00
		00 00 00 00

Handle 0x0035, DMI type 190, 212 bytes
	Header and Data:
		BE D4 35 00 C4 05 00 00 00 00 00 00 24 A4 40 04
		FB 0F E0 2C 00 00 00 00 00 00 00 00 01 00 00 00
		09 01 00 00 00 00 00 00 00 00 00 00 00 00 00 00
		00 00 00 00 00 00 00 00 E0 3E F8 00 00 00 00 00
		00 00 00 00 00 00 00 00 00 00 00 00 06 02 C8 0D
		38 00 31 18 00 00 00 00 45 00 00 00 00 00 00 00
		00 00 00 00 00 00 00 00 45 00 00 00 00 00 00 00
		24 A4 40 04 FB 0F E0 2C 01 01 00 00 00 02 00 00
		00 00 00 00 40 00 00 00 70 00 00 00 E4 00 34 00
		67 EB 5D D7 77 7A 82 01 00 00 01 00 0E 09 48 5F
		00 00 00 00 00 00 00 00 00 00 00 00 00 00 00 00
		00 00 00 00 00 00 00 00 00 00 00 00 00 00 00 00
		00 00 00 00 00 00 00 00 00 00 00 00 00 00 00 00
		00 00 00 00

Handle 0x0036, DMI type 192, 244 bytes
	Header and Data:
		C0 F4 36 00 06 40 00 00 22 32 11 20 E7 88 71 0E
		F3 05 0A 00 00 00 34 00 22 32 11 20 00 00 00 00
		1F 31 35 3C 00 00 00 00 46 4C 54 54 01 41 00 00
		34 00 2E 2E 2E 2E 12 0E 0E 0E 2E 2E 2E 2E 0C 0E
		12 0C 00 0C 3B 70 B2 07 F3 05 0A 00 00 20 00 20
		00 00 00 00 00 00 00 00 00 00 B4 00 B8 00 BE 00
		C2 00 C8 00 00 00 00 00 00 00 00 00 00 00 14 00
		18 00 1E 00 02 00 00 00 00 00 00 00 00 00 00 00
		CF 00 DB 00 E3 00 F1 00 00 00 00 00 00 00 00 00
		0F 00 1B 00 03 00 11 00 00 00 00 00 00 00 00 00
		00 00 00 00 00 00 00 00 00 00 00 00 00 00 00 00
		00 00 00 00 00 00 00 00 00 00 00 00 00 00 00 00
		00 00 00 00 00 00 00 00 00 00 00 00 00 00 00 00
		00 00 00 00 00 00 00 00 00 00 00 00 00 00 00 00
		00 00 00 00 00 00 00 00 00 00 00 00 00 00 00 00
		00 00 00 00

Handle 0x0037, DMI type 194, 244 bytes
	Header and Data:
		C2 F4 37 00 06 40 00 00 22 32 11 20 E7 88 71 0E
		F3 05 0A 00 00 00 34 00 22 32 11 20 00 00 00 00
		1B 2E 36 3E 00 00 00 00 48 50 52 51 01 43 00 00
		34 00 2E 2E 2E 2E 10 12 10 0E 2E 2E 2E 2E 0E 10
		10 0E 00 0E 43 D3 FF 3D F3 05 0A 00 00 20 00 20
		00 00 00 00 00 00 00 00 00 00 C4 00 C6 00 CD 00
		D0 00 D6 00 00 00 00 00 00 00 00 00 00 00 04 00
		06 00 0D 00 10 00 00 00 00 00 00 00 00 00 00 00
		DD 00 E6 00 F4 00 FE 00 00 00 00 00 00 00 00 00
		1D 00 06 00 14 00 1E 00 00 00 00 00 00 00 00 00
		00 00 00 00 00 00 00 00 00 00 00 00 00 00 00 00
		00 00 00 00 00 00 00 00 00 00 00 00 00 00 00 00
		00 00 00 00 00 00 00 00 00 00 00 00 00 00 00 00
		00 00 00 00 00 00 00 00 00 00 00 00 00 00 00 00
		00 00 00 00 00 00 00 00 00 00 00 00 00 00 00 00
		00 00 00 00

Handle 0x0038, DMI type 196, 244 bytes
	Header and Data:
		C4 F4 38 00 06 40 00 00 00 00 00 00 00 00 00 00
		00 00 00 00 11 00 20 00 27 00 2E 00 6B 00 00 00
		00 00 00 00 00 00 00 00 00 00 11 00 00 00 00 00
		00 00 00 00 00 00 38 00 3F 00 45 00 44 00 00 00
		00 00 00 00 00 00 18 00 1F 00 05 00 04 00 11 20
		27 2E 38 3F 45 44 2B 00 00 00 EF 01 00 00 00 00
		00 00 00 00 00 00 00 00 00 00 00 00 00 00 00 00
		00 00 00 00 00 00 00 00 00 00 00 00 00 00 00 00
		00 00 00 00 00 00 00 00 00 00 00 00 00 00 00 00
		00 00 00 00 00 00 00 00 00 00 00 00 00 00 00 00
		00 00 00 00 00 00 00 00 00 00 00 00 00 00 00 00
		00 00 00 00 00 00 00 00 00 00 00 00 00 00 00 00
		00 00 00 00 00 00 00 00 00 00 00 00 00 00 00 00
		00 00 00 00 00 00 00 00 00 00 00 00 00 00 00 00
		00 00 00 00 00 00 00 00 00 00 00 00 00 00 00 00
		00 00 00 00

Handle 0x0039, DMI type 198, 244 bytes
	Header and Data:
		C6 F4 39 00 06 40 00 00 00 00 00 00 00 00 00 00
		00 00 00 00 0D 00 20 00 29 00 2E 00 0B 00 00 00
		00 00 00 00 00 00 00 00 00 00 0D 00 00 00 00 00
		00 00 00 00 00 00 3A 00 42 00 44 00 42 00 00 00
		00 00 00 00 00 00 1A 00 02 00 04 00 02 00 0D 20
		29 2E 3A 42 44 42 0B 00 00 00 F7 01 00 00 00 00
		00 00 00 00 00 00 00 00 00 00 00 00 00 00 00 00
		00 00 00 00 00 00 00 00 00 00 00 00 00 00 00 00
		00 00 00 00 00 00 00 00 00 00 00 00 00 00 00 00
		00 00 00 00 00 00 00 00 00 00 00 00 00 00 00 00
		00 00 00 00 00 00 00 00 00 00 00 00 00 00 00 00
		00 00 00 00 00 00 00 00 00 00 00 00 00 00 00 00
		00 00 00 00 00 00 00 00 00 00 00 00 00 00 00 00
		00 00 00 00 00 00 00 00 00 00 00 00 00 00 00 00
		00 00 00 00 00 00 00 00 00 00 00 00 00 00 00 00
		00 00 00 00

Handle 0x003A, DMI type 127, 4 bytes
	Header and Data:
		7F 04 3A 00
	Strings:
		20 00
		" "

